Flutter crash report.
Please report a bug at https://github.com/flutter/flutter/issues.

## command

flutter build windows

## exception

PathExistsException: PathExistsException: Cannot create link, path = 'C:\Users\david\Downloads\Proyecto_Final_DavidAlejandroOrtegaGarcía\Final_Activity_Decompile\linux\flutter\ephemeral\.plugin_symlinks\path_provider_linux' (OS Error: No se puede crear un archivo que ya existe.
, errno = 183)

```
#0      _Link.throwIfError (dart:io/link.dart:357:7)
#1      _Link.createSync (dart:io/link.dart:275:5)
#2      ForwardingLink.createSync (package:file/src/forwarding/forwarding_link.dart:20:16)
#3      ForwardingLink.createSync (package:file/src/forwarding/forwarding_link.dart:20:16)
#4      _createPlatformPluginSymlinks (package:flutter_tools/src/flutter_plugins.dart:1111:12)
#5      createPluginSymlinks (package:flutter_tools/src/flutter_plugins.dart:1034:5)
#6      buildWindows (package:flutter_tools/src/windows/build_windows.dart:81:3)
<asynchronous suspension>
#7      BuildWindowsCommand.runCommand (package:flutter_tools/src/commands/build_windows.dart:68:5)
<asynchronous suspension>
#8      FlutterCommand.run.<anonymous closure> (package:flutter_tools/src/runner/flutter_command.dart:1558:27)
<asynchronous suspension>
#9      AppContext.run.<anonymous closure> (package:flutter_tools/src/base/context.dart:154:19)
<asynchronous suspension>
#10     CommandRunner.runCommand (package:args/command_runner.dart:212:13)
<asynchronous suspension>
#11     FlutterCommandRunner.runCommand.<anonymous closure> (package:flutter_tools/src/runner/flutter_command_runner.dart:496:9)
<asynchronous suspension>
#12     AppContext.run.<anonymous closure> (package:flutter_tools/src/base/context.dart:154:19)
<asynchronous suspension>
#13     FlutterCommandRunner.runCommand (package:flutter_tools/src/runner/flutter_command_runner.dart:431:5)
<asynchronous suspension>
#14     run.<anonymous closure>.<anonymous closure> (package:flutter_tools/runner.dart:98:11)
<asynchronous suspension>
#15     AppContext.run.<anonymous closure> (package:flutter_tools/src/base/context.dart:154:19)
<asynchronous suspension>
#16     main (package:flutter_tools/executable.dart:99:3)
<asynchronous suspension>
```

## flutter doctor

```
[32m[✓][39m Flutter (Channel stable, 3.29.1, on Microsoft Windows [Versi¢n 10.0.26120.3380], locale es-MX) [1,341ms]
    [32m•[39m Flutter version 3.29.1 on channel stable at A:\Programacion\VSCode Files\FlutterAPI\flutter
    [32m•[39m Upstream repository https://github.com/flutter/flutter.git
    [32m•[39m Framework revision 09de023485 (12 days ago), 2025-02-28 13:44:05 -0800
    [32m•[39m Engine revision 871f65ac1b
    [32m•[39m Dart version 3.7.0
    [32m•[39m DevTools version 2.42.2

[32m[✓][39m Windows Version (11 Pro 64-bit, 24H2, 2009) [5.2s]

[32m[✓][39m Android toolchain - develop for Android devices (Android SDK version 35.0.1) [7.3s]
    [32m•[39m Android SDK at A:\Programacion\AndroidFiles
    [32m•[39m Platform android-35, build-tools 35.0.1
    [32m•[39m ANDROID_SDK_ROOT = A:\Programacion\AndroidFiles
    [32m•[39m Java binary at: A:\Program Files\Android\Android Studio\jbr\bin\java
      This is the JDK bundled with the latest Android Studio installation on this machine.
      To manually set the JDK path, use: `flutter config --jdk-dir="path/to/jdk"`.
    [32m•[39m Java version OpenJDK Runtime Environment (build 21.0.5+-12932927-b750.29)
    [32m•[39m All Android licenses accepted.

[32m[✓][39m Chrome - develop for the web [470ms]
    [32m•[39m Chrome at C:\Program Files\Google\Chrome\Application\chrome.exe

[32m[✓][39m Visual Studio - develop Windows apps (Visual Studio Community 2022 17.13.3) [467ms]
    [32m•[39m Visual Studio at A:\Program Files\Microsoft Visual Studio\2022\Community
    [32m•[39m Visual Studio Community 2022 version 17.13.35828.75
    [32m•[39m Windows 10 SDK version 10.0.22621.0

[32m[✓][39m Android Studio (version 2024.2) [30ms]
    [32m•[39m Android Studio at A:\Program Files\Android\Android Studio
    [32m•[39m Flutter plugin can be installed from:
      🔨 https://plugins.jetbrains.com/plugin/9212-flutter
    [32m•[39m Dart plugin can be installed from:
      🔨 https://plugins.jetbrains.com/plugin/6351-dart
    [32m•[39m Java version OpenJDK Runtime Environment (build 21.0.5+-12932927-b750.29)

[32m[✓][39m VS Code (version 1.98.1) [27ms]
    [32m•[39m VS Code at C:\Users\david\AppData\Local\Programs\Microsoft VS Code
    [32m•[39m Flutter extension version 3.107.20250303

[32m[✓][39m Connected device (3 available) [618ms]
    [32m•[39m Windows (desktop) • windows • windows-x64    • Microsoft Windows [Versi¢n 10.0.26120.3380]
    [32m•[39m Chrome (web)      • chrome  • web-javascript • Google Chrome 132.0.6834.110
    [32m•[39m Edge (web)        • edge    • web-javascript • Microsoft Edge 134.0.3124.66

[32m[✓][39m Network resources [501ms]
    [32m•[39m All expected network resources are available.

[32m•[39m No issues found!
```
